// Jest Snapshot v1, https://goo.gl/fbAQLP

exports[`Separator test should render a line 1`] = `
<div>
  <div>
    <svg>
      <line
        stroke="black"
        stroke-width="4"
        x1="122.5"
        x2="133.5"
        y1="111.5"
        y2="111.5"
      />
    </svg>
  </div>
</div>
`;
